Five little monkeys jumping on the bed
One fell off and bumped his head
Mama called the doctor and the doctor said
No more monkeys jumping on the bed!
Four little monkeys jumping on the bed
One fell off and bumped his head
Mama called the doctor and the doctor said
No more monkeys jumping on the bed!
